
> od-sim-frontend-tests@1.0.0 test
> mocha frontend/tests/unit/*.test.js --require frontend/tests/unit/test-setup.js --timeout 5000

✅ Test environment initialized


  createStrategy() 完整工作流集成测试
    完整策略创建工作流
      ✔ 应该成功完成从选择到创建的完整流程
      ✔ 应该在任何步骤失败时停止执行
    验证失败处理
      ✔ 应该在参数验证失败时阻止提交
      ✔ 应该在输入验证失败时提供错误信息
    多种参数类型处理
      ✔ 应该正确处理表格类型参数
      ✔ 应该支持混合参数类型的模板
    API 集成和错误恢复
      ✔ 应该正确处理 API 成功响应
      ✔ 应该在 API 错误时抛出异常并提供错误信息
    边界情况处理
      ✔ 应该处理空参数 schema 的模板
      ✔ 应该处理大量路段选择
    工作流完整性和协调
      ✔ 应该确保所有函数能够协调工作
      ✔ 应该支持正确的数据流和转换
    性能和压力测试
      ✔ 应该在可接受的时间内完成工作流

  createStrategy() 重构函数单元测试套件
    函数可用性检查
      ✔ collectBasicStrategyInfo 应该是可调用的函数
      ✔ collectParameterValues 应该是可调用的函数
      ✔ validateStrategyInput 应该是可调用的函数
    extractTableParameters() - 表格参数提取
      ✔ 应该正确提取 step_array 类型的表格数据
      ✔ 应该在表格不存在时返回空数组
      ✔ 应该正确提取 flow_interval_array 类型的表格数据
    validateStrategyInput() - 输入验证
      ✔ 应该通过有效的输入验证
      ✔ 应该在缺少模板时验证失败
      ✔ 应该在策略名为空时验证失败
      ✔ 应该在多个字段无效时收集所有错误
    validateStrategyParameters() - 参数验证
      ✔ 应该通过所有有效参数的验证
      ✔ 应该在缺少必填参数时验证失败
      ✔ 应该在参数类型不匹配时验证失败
    buildStrategyPayload() - 请求体构建
      ✔ 应该构建正确的 API 请求体
      ✔ 应该返回包含所有必需字段的对象
    submitStrategyToAPI() - API 提交
      ✔ 应该成功提交策略并返回响应
      ✔ 应该在 API 返回错误时抛出异常
    handleStrategyCreationResponse() - 响应处理
      ✔ 应该是一个可调用的函数
      ✔ 应该接受响应对象作为参数
    参数收集和验证集成
      ✔ collectParameterValues() 应该返回一个对象
      ✔ validateStrategyParameters() 应该返回结构化验证结果
      ✔ 参数验证应该支持多种参数类型
    函数错误处理
      ✔ validateStrategyInput 应该返回有效的错误数组
      ✔ validateStrategyParameters 应该返回结构化的错误对象
    完整工作流协调
      ✔ 所有必需函数应该协调工作

  updateConfigSummary() 参数集成测试套件
    参数表单与 updateConfigSummary() 集成
[updateConfigSummary] 开始执行 (Phase 1 重构版本)
[updateTemplateSummary] 完成
[updateEdgeSummary] 完成, 路段数: 2
[updateEdgeList] 完成, 显示路段数: 2
[attachParameterListeners] 完成
[renderParametersSection] 完成, 参数数: 1
[attachParameterListeners] 完成
[updateConfigSummary] 参数表单已渲染和绑定
[updateConfigSummary] 完成
      ✔ 应该在更新配置时渲染参数表单 (39ms)
[updateConfigSummary] 开始执行 (Phase 1 重构版本)
[updateTemplateSummary] 完成
[updateEdgeSummary] 完成, 路段数: 1
[updateEdgeList] 完成, 显示路段数: 1
[updateConfigSummary] 完成
      ✔ 应该为没有参数的模板不渲染参数表单
[updateConfigSummary] 开始执行 (Phase 1 重构版本)
[updateTemplateSummary] 完成
[updateEdgeSummary] 完成, 路段数: 0
[updateEdgeList] 完成, 显示路段数: 0
[updateConfigSummary] 完成
      ✔ 应该在参数为 null 时优雅处理
[updateConfigSummary] 开始执行 (Phase 1 重构版本)
[updateTemplateSummary] 完成
[updateEdgeSummary] 完成, 路段数: 0
[updateEdgeList] 完成, 显示路段数: 0
[attachParameterListeners] 完成
[renderParametersSection] 完成, 参数数: 1
[attachParameterListeners] 完成
[updateConfigSummary] 参数表单已渲染和绑定
[updateConfigSummary] 完成
[updateConfigSummary] 开始执行 (Phase 1 重构版本)
[updateTemplateSummary] 完成
[updateEdgeSummary] 完成, 路段数: 0
[updateEdgeList] 完成, 显示路段数: 0
[attachParameterListeners] 完成
[renderParametersSection] 完成, 参数数: 1
[attachParameterListeners] 完成
[updateConfigSummary] 参数表单已渲染和绑定
[updateConfigSummary] 完成
      ✔ 应该支持多次更新参数表单
    collectParameterValues() - 参数值收集
[updateConfigSummary] 开始执行 (Phase 1 重构版本)
[updateTemplateSummary] 完成
[updateEdgeSummary] 完成, 路段数: 0
[updateEdgeList] 完成, 显示路段数: 0
[attachParameterListeners] 完成
[renderParametersSection] 完成, 参数数: 1
[attachParameterListeners] 完成
[updateConfigSummary] 参数表单已渲染和绑定
[updateConfigSummary] 完成
      1) 应该正确收集字符串参数值
[updateConfigSummary] 开始执行 (Phase 1 重构版本)
[updateTemplateSummary] 完成
[updateEdgeSummary] 完成, 路段数: 0
[updateEdgeList] 完成, 显示路段数: 0
[attachParameterListeners] 完成
[renderParametersSection] 完成, 参数数: 1
[attachParameterListeners] 完成
[updateConfigSummary] 参数表单已渲染和绑定
[updateConfigSummary] 完成
      2) 应该正确收集数字参数值
      ✔ 应该处理空的参数容器
    validateAllParameters() - 参数验证
[updateConfigSummary] 开始执行 (Phase 1 重构版本)
[updateTemplateSummary] 完成
[updateEdgeSummary] 完成, 路段数: 0
[updateEdgeList] 完成, 显示路段数: 0
[attachParameterListeners] 完成
[renderParametersSection] 完成, 参数数: 1
[attachParameterListeners] 完成
[updateConfigSummary] 参数表单已渲染和绑定
[updateConfigSummary] 完成
[validateAllParameters] 验证完成: ✅ 通过 {}
      ✔ 应该通过所有必填参数都已填写的验证
[updateConfigSummary] 开始执行 (Phase 1 重构版本)
[updateTemplateSummary] 完成
[updateEdgeSummary] 完成, 路段数: 0
[updateEdgeList] 完成, 显示路段数: 0
[attachParameterListeners] 完成
[renderParametersSection] 完成, 参数数: 1
[attachParameterListeners] 完成
[updateConfigSummary] 参数表单已渲染和绑定
[updateConfigSummary] 完成
[validateAllParameters] 验证完成: ❌ 失败 { required_param: '参数 required_param 验证失败' }
      ✔ 应该在必填参数为空时失败验证
      ✔ 应该处理不存在的容器
    prepareStrategySubmission() - 提交数据准备
[updateConfigSummary] 开始执行 (Phase 1 重构版本)
[updateTemplateSummary] 完成
[updateEdgeSummary] 完成, 路段数: 3
[updateEdgeList] 完成, 显示路段数: 3
[attachParameterListeners] 完成
[renderParametersSection] 完成, 参数数: 1
[attachParameterListeners] 完成
[updateConfigSummary] 参数表单已渲染和绑定
[updateConfigSummary] 完成
[prepareStrategySubmission] 开始准备提交数据
[validateAllParameters] 验证完成: ✅ 通过 {}
[prepareStrategySubmission] ✅ 提交数据已准备: {
  template_id: 'vss_001',
  edges: [ 'edge1', 'edge2', 'edge3' ],
  parameters: {},
  timestamp: '2025-10-30T09:01:58.492Z'
}
      3) 应该准备完整的提交数据
[updateConfigSummary] 开始执行 (Phase 1 重构版本)
[updateTemplateSummary] 完成
[updateEdgeSummary] 完成, 路段数: 1
[updateEdgeList] 完成, 显示路段数: 1
[attachParameterListeners] 完成
[renderParametersSection] 完成, 参数数: 1
[attachParameterListeners] 完成
[updateConfigSummary] 参数表单已渲染和绑定
[updateConfigSummary] 完成
[prepareStrategySubmission] 开始准备提交数据
[validateAllParameters] 验证完成: ❌ 失败 { required_speed: '参数 required_speed 验证失败' }
      ✔ 应该在缺少必填参数时返回 null
[updateConfigSummary] 开始执行 (Phase 1 重构版本)
[updateTemplateSummary] 完成
[updateEdgeSummary] 完成, 路段数: 0
[updateEdgeList] 完成, 显示路段数: 0
[updateConfigSummary] 完成
[prepareStrategySubmission] 开始准备提交数据
      ✔ 应该在缺少路段时返回 null
    完整工作流集成
[updateConfigSummary] 开始执行 (Phase 1 重构版本)
[updateTemplateSummary] 完成
[updateEdgeSummary] 完成, 路段数: 3
[updateEdgeList] 完成, 显示路段数: 3
[attachParameterListeners] 完成
[renderParametersSection] 完成, 参数数: 2
[attachParameterListeners] 完成
[updateConfigSummary] 参数表单已渲染和绑定
[updateConfigSummary] 完成
[validateAllParameters] 验证完成: ✅ 通过 {}
      4) 应该支持完整的模板-边界-参数-提交工作流
[updateConfigSummary] 开始执行 (Phase 1 重构版本)
[updateTemplateSummary] 完成
[updateEdgeSummary] 完成, 路段数: 2
[updateEdgeList] 完成, 显示路段数: 2
[attachParameterListeners] 完成
[renderParametersSection] 完成, 参数数: 1
[attachParameterListeners] 完成
[updateConfigSummary] 参数表单已渲染和绑定
[updateConfigSummary] 完成
[prepareStrategySubmission] 开始准备提交数据
[validateAllParameters] 验证完成: ❌ 失败 { dhs_status: '参数 dhs_status 验证失败' }
      ✔ 应该在表单验证失败时阻止提交

  参数控件工厂函数和渲染测试套件
    createStringControl()
      5) 应该创建字符串输入框
      ✔ 应该为必填项添加 * 标记
      ✔ 应该为非必填项不添加 * 标记
    createNumberControl()
      ✔ 应该创建数字输入框
      ✔ 应该为浮点数设置 step 属性
      ✔ 应该为整数不设置 step 属性
    createSelectControl()
      ✔ 应该创建下拉选择框
      6) 应该添加所有选项到下拉框
      ✔ 应该为必填项设置 required 属性
    createStepArrayControl()
      ✔ 应该创建时间-速度表格
      ✔ 应该添加表格行和添加行按钮
    createDHSIntervalControl()
      ✔ 应该创建 DHS 间隔表格
=== 模块加载状态检查 ===
EdgeSelector: undefined
window.networkViz: undefined
window.StrategyManager: undefined
window.strategyManager: undefined
=========================
      7) 应该包含起始和结束 KM 输入字段
    createFlowIntervalControl()
      ✔ 应该创建流量间隔表格
      8) 应该包含时间和流量输入字段
    createVehicleTypeControl()
      9) 应该创建车型多选框
      10) 应该显示所有车型选项
    renderParameterControl()
      ✔ 应该为字符串参数渲染字符串控件
      ✔ 应该为数字参数渲染数字控件
      ✔ 应该为选择参数渲染下拉框
    renderParametersSection()
[attachParameterListeners] 完成
[renderParametersSection] 完成, 参数数: 2
      ✔ 应该渲染所有参数控件
[attachParameterListeners] 完成
[renderParametersSection] 完成, 参数数: 1
      ✔ 应该为每个参数添加 data-parameter-name 属性
[attachParameterListeners] 完成
[renderParametersSection] 完成, 参数数: 0
      ✔ 应该处理空参数列表
    attachParameterListeners()
[attachParameterListeners] 完成
[renderParametersSection] 完成, 参数数: 1
[attachParameterListeners] 完成
      ✔ 应该为输入控件添加变化监听器
[attachParameterListeners] 完成
      ✔ 应该处理参数查找失败的情况
[attachParameterListeners] 完成
[renderParametersSection] 完成, 参数数: 1
[attachParameterListeners] 完成
      11) 应该在输入框变化时进行验证
    validateParameterValue()
      ✔ 应该验证必填项
      ✔ 应该验证整数输入
      ✔ 应该验证浮点数输入
    集成测试：完整参数表单工作流
[attachParameterListeners] 完成
[renderParametersSection] 完成, 参数数: 1
[attachParameterListeners] 完成
      ✔ 应该完整渲染并验证单个参数表单
[attachParameterListeners] 完成
[renderParametersSection] 完成, 参数数: 3
[attachParameterListeners] 完成
      ✔ 应该处理多种参数类型的混合表单
[attachParameterListeners] 完成
[renderParametersSection] 完成, 参数数: 1
[attachParameterListeners] 完成
      12) 应该在用户输入后进行实时验证
[attachParameterListeners] 完成
[renderParametersSection] 完成, 参数数: 1
      ✔ 应该支持表格类型参数的动态行添加
[attachParameterListeners] 完成
[renderParametersSection] 完成, 参数数: 0
[attachParameterListeners] 完成
      ✔ 应该为空参数列表正确处理

  updateConfigSummary 重构测试套件
    updateTemplateSummary()
[updateTemplateSummary] 完成
      ✔ 应该正确更新模板摘要信息
[updateTemplateSummary] 完成
      ✔ 应该正确处理 DHS 策略类型
[updateTemplateSummary] 完成
      ✔ 应该正确处理 TEC 策略类型
      ✔ 应该在模板为 null 时优雅处理
      ✔ 应该在元素不存在时优雅处理
[updateTemplateSummary] 完成
      ✔ 应该正确渲染策略徽章样式
    updateEdgeSummary()
[updateEdgeSummary] 完成, 路段数: 3
      ✔ 应该正确显示路段数量
[updateEdgeSummary] 完成, 路段数: 0
      ✔ 应该在路段列表为空时正确显示 0
[updateEdgeSummary] 完成, 路段数: 1
      ✔ 应该在只有一个路段时正确显示
[updateEdgeSummary] 完成, 路段数: 100
      ✔ 应该在有大量路段时正确显示
      ✔ 应该在路段列表为 null 时优雅处理
      ✔ 应该在元素不存在时优雅处理
[updateEdgeSummary] 完成, 路段数: 2
      13) 应该使用正确的样式渲染数字
    updateEdgeList()
[updateEdgeList] 完成, 显示路段数: 3
      ✔ 应该在有路段时正确渲染列表
[updateEdgeList] 完成, 显示路段数: 0
      ✔ 应该在路段列表为空时显示警告
[updateEdgeList] 完成, 显示路段数: 3
      ✔ 应该为每条路段创建独立的 div 元素
      ✔ 应该在路段列表为 null 时优雅处理
      ✔ 应该在元素不存在时优雅处理
[updateEdgeList] 完成, 显示路段数: 1
      14) 应该为路段项应用正确的样式
[updateEdgeList] 完成, 显示路段数: 1
      ✔ 应该在单个路段时正确渲染
[updateEdgeList] 完成, 显示路段数: 3
      ✔ 应该处理包含特殊字符的路段 ID
    updateConfigSummary() [协调函数]
[updateConfigSummary] 开始执行 (Phase 1 重构版本)
[updateTemplateSummary] 完成
[updateEdgeSummary] 完成, 路段数: 2
[updateEdgeList] 完成, 显示路段数: 2
[updateConfigSummary] 完成
      ✔ 应该调用所有子函数并更新 DOM
[updateConfigSummary] 开始执行 (Phase 1 重构版本)
[updateEdgeSummary] 完成, 路段数: 1
[updateEdgeList] 完成, 显示路段数: 1
[updateConfigSummary] 完成
      ✔ 应该在没有模板时正确处理
[updateConfigSummary] 开始执行 (Phase 1 重构版本)
[updateTemplateSummary] 完成
[updateEdgeSummary] 完成, 路段数: 0
[updateEdgeList] 完成, 显示路段数: 0
[updateConfigSummary] 完成
      ✔ 应该在没有路段时正确处理
[updateConfigSummary] 开始执行 (Phase 1 重构版本)
[updateEdgeSummary] 完成, 路段数: 0
[updateEdgeList] 完成, 显示路段数: 0
[updateConfigSummary] 完成
      ✔ 应该在全部为空时正确处理
[updateConfigSummary] 开始执行 (Phase 1 重构版本)
[updateTemplateSummary] 完成
[updateEdgeSummary] 完成, 路段数: 0
[updateEdgeList] 完成, 显示路段数: 0
[updateConfigSummary] 完成
      ✔ 应该输出正确的日志信息
[updateConfigSummary] 开始执行 (Phase 1 重构版本)
[updateTemplateSummary] 完成
[updateEdgeSummary] 完成, 路段数: 2
[updateEdgeList] 完成, 显示路段数: 2
[updateConfigSummary] 完成
[updateConfigSummary] 开始执行 (Phase 1 重构版本)
[updateTemplateSummary] 完成
[updateEdgeSummary] 完成, 路段数: 2
[updateEdgeList] 完成, 显示路段数: 2
[updateConfigSummary] 完成
[updateConfigSummary] 开始执行 (Phase 1 重构版本)
[updateTemplateSummary] 完成
[updateEdgeSummary] 完成, 路段数: 2
[updateEdgeList] 完成, 显示路段数: 2
[updateConfigSummary] 完成
      ✔ 应该能够多次调用而不出现错误
    完整集成测试
[updateConfigSummary] 开始执行 (Phase 1 重构版本)
[updateTemplateSummary] 完成
[updateEdgeSummary] 完成, 路段数: 1
[updateEdgeList] 完成, 显示路段数: 1
[updateConfigSummary] 完成
[updateConfigSummary] 开始执行 (Phase 1 重构版本)
[updateTemplateSummary] 完成
[updateEdgeSummary] 完成, 路段数: 1
[updateEdgeList] 完成, 显示路段数: 1
[updateConfigSummary] 完成
      ✔ 应该在更改 selectedTemplate 后更新显示
[updateConfigSummary] 开始执行 (Phase 1 重构版本)
[updateTemplateSummary] 完成
[updateEdgeSummary] 完成, 路段数: 1
[updateEdgeList] 完成, 显示路段数: 1
[updateConfigSummary] 完成
[updateConfigSummary] 开始执行 (Phase 1 重构版本)
[updateTemplateSummary] 完成
[updateEdgeSummary] 完成, 路段数: 3
[updateEdgeList] 完成, 显示路段数: 3
[updateConfigSummary] 完成
      ✔ 应该在更改 selectedEdges 后更新显示
[updateConfigSummary] 开始执行 (Phase 1 重构版本)
[updateEdgeSummary] 完成, 路段数: 0
[updateEdgeList] 完成, 显示路段数: 0
[updateConfigSummary] 完成
[updateConfigSummary] 开始执行 (Phase 1 重构版本)
[updateTemplateSummary] 完成
[updateEdgeSummary] 完成, 路段数: 0
[updateEdgeList] 完成, 显示路段数: 0
[updateConfigSummary] 完成
[updateConfigSummary] 开始执行 (Phase 1 重构版本)
[updateEdgeSummary] 完成, 路段数: 1
[updateEdgeList] 完成, 显示路段数: 1
[updateConfigSummary] 完成
[updateConfigSummary] 开始执行 (Phase 1 重构版本)
[updateTemplateSummary] 完成
[updateEdgeSummary] 完成, 路段数: 2
[updateEdgeList] 完成, 显示路段数: 2
[updateConfigSummary] 完成
      ✔ 应该在各种状态组合下正确工作


  103 passing (548ms)
  14 failing

  1) updateConfigSummary() 参数集成测试套件
       collectParameterValues() - 参数值收集
         应该正确收集字符串参数值:
     AssertionError: expected undefined to equal '我的 VSS 策略'
      at Context.<anonymous> (frontend\tests\unit\integrationTests.test.js:169:39)
      at process.processImmediate (node:internal/timers:505:21)

  2) updateConfigSummary() 参数集成测试套件
       collectParameterValues() - 参数值收集
         应该正确收集数字参数值:
     AssertionError: expected undefined to equal 120
      at Context.<anonymous> (frontend\tests\unit\integrationTests.test.js:193:35)
      at process.processImmediate (node:internal/timers:505:21)

  3) updateConfigSummary() 参数集成测试套件
       prepareStrategySubmission() - 提交数据准备
         应该准备完整的提交数据:
     AssertionError: expected undefined to equal 80
      at Context.<anonymous> (frontend\tests\unit\integrationTests.test.js:304:52)
      at process.processImmediate (node:internal/timers:505:21)

  4) updateConfigSummary() 参数集成测试套件
       完整工作流集成
         应该支持完整的模板-边界-参数-提交工作流:
     AssertionError: expected undefined to equal '广州环城 VSS'
      at Context.<anonymous> (frontend\tests\unit\integrationTests.test.js:413:43)
      at process.processImmediate (node:internal/timers:505:21)

  5) 参数控件工厂函数和渲染测试套件
       createStringControl()
         应该创建字符串输入框:
     Error: Invalid Chai property: class. Did you mean "has"?
      at Object.proxyGetter [as get] (file:///D:/projects/OD_SIM/node_modules/chai/index.js:1650:17)
      at Context.<anonymous> (frontend\tests\unit\parameterControls.test.js:53:30)
      at process.processImmediate (node:internal/timers:505:21)

  6) 参数控件工厂函数和渲染测试套件
       createSelectControl()
         应该添加所有选项到下拉框:

      AssertionError: expected 3 to equal 4
      + expected - actual

      -3
      +4
      
      at Context.<anonymous> (frontend\tests\unit\parameterControls.test.js:169:33)
      at process.processImmediate (node:internal/timers:505:21)

  7) 参数控件工厂函数和渲染测试套件
       createDHSIntervalControl()
         应该包含起始和结束 KM 输入字段:

      AssertionError: expected +0 to be above +0
      + expected - actual


      at Context.<anonymous> (frontend\tests\unit\parameterControls.test.js:267:35)
      at process.processImmediate (node:internal/timers:505:21)

  8) 参数控件工厂函数和渲染测试套件
       createFlowIntervalControl()
         应该包含时间和流量输入字段:

      AssertionError: expected +0 to be above +0
      + expected - actual


      at Context.<anonymous> (frontend\tests\unit\parameterControls.test.js:307:35)
      at process.processImmediate (node:internal/timers:505:21)

  9) 参数控件工厂函数和渲染测试套件
       createVehicleTypeControl()
         应该创建车型多选框:

      AssertionError: expected +0 to be above +0
      + expected - actual


      at Context.<anonymous> (frontend\tests\unit\parameterControls.test.js:329:79)
      at process.processImmediate (node:internal/timers:505:21)

  10) 参数控件工厂函数和渲染测试套件
       createVehicleTypeControl()
         应该显示所有车型选项:

      AssertionError: expected +0 to equal 3
      + expected - actual

      -0
      +3
      
      at Context.<anonymous> (frontend\tests\unit\parameterControls.test.js:344:36)
      at process.processImmediate (node:internal/timers:505:21)

  11) 参数控件工厂函数和渲染测试套件
       attachParameterListeners()
         应该在输入框变化时进行验证:
     TypeError: Failed to execute 'dispatchEvent' on 'EventTarget': parameter 1 is not of type 'Event'.
      at exports.convert (node_modules\jsdom\lib\jsdom\living\generated\Event.js:22:9)
      at HTMLInputElement.dispatchEvent (node_modules\jsdom\lib\jsdom\living\generated\EventTarget.js:236:24)
      at Context.<anonymous> (frontend\tests\unit\parameterControls.test.js:521:13)
      at process.processImmediate (node:internal/timers:505:21)

  12) 参数控件工厂函数和渲染测试套件
       集成测试：完整参数表单工作流
         应该在用户输入后进行实时验证:
     TypeError: Failed to execute 'dispatchEvent' on 'EventTarget': parameter 1 is not of type 'Event'.
      at exports.convert (node_modules\jsdom\lib\jsdom\living\generated\Event.js:22:9)
      at HTMLInputElement.dispatchEvent (node_modules\jsdom\lib\jsdom\living\generated\EventTarget.js:236:24)
      at Context.<anonymous> (frontend\tests\unit\parameterControls.test.js:694:13)
      at process.processImmediate (node:internal/timers:505:21)

  13) updateConfigSummary 重构测试套件
       updateEdgeSummary()
         应该使用正确的样式渲染数字:

      AssertionError: expected '' to equal 'rgb(52, 152, 219)'
      + expected - actual

      +rgb(52, 152, 219)
      
      at Context.<anonymous> (frontend\tests\unit\updateConfigSummary.test.js:185:37)
      at process.processImmediate (node:internal/timers:505:21)

  14) updateConfigSummary 重构测试套件
       updateEdgeList()
         应该为路段项应用正确的样式:
     AssertionError: expected '' to include '3px'
      at Context.<anonymous> (frontend\tests\unit\updateConfigSummary.test.js:251:36)
      at process.processImmediate (node:internal/timers:505:21)



